3 1 e
3 2 h
4 3 j
5 3 j
5 4 i
8 7 x
9 4 i
9 3 j
9 6 n
10 7 x
10 2 h
12 8 p
14 7 x
14 6 n
16 2 h
16 3 j
17 8 p
18 1 e
22 16 w
24 16 w
24 16 w
26 8 p
28 2 h
32 7 x
33 1 e
34 1 e
35 7 x
36 4 i
36 4 i
38 32 w
40 4 i
41 2 h
41 2 h
42 1 e
43 40 q
43 7 x
44 2 h
45 3 j
45 4 i
