<program>
 <lista_naredbi>
  <naredba>
   <naredba_pridruzivanja>
    IDN 1 n
    OP_PRIDRUZI 1 =
    <E>
     <T>
      <P>
       OP_PLUS 1 +
       <P>
        IDN 1 n
      <T_lista>
       OP_PUTA 1 *
       <T>
        <P>
         L_ZAGRADA 1 (
         <E>
          <T>
           <P>
            OP_MINUS 1 -
            <P>
             IDN 1 n
           <T_lista>
            $
          <E_lista>
           $
         D_ZAGRADA 1 )
        <T_lista>
         OP_PUTA 1 *
         <T>
          <P>
           BROJ 1 1201
          <T_lista>
           $
     <E_lista>
      $
  <lista_naredbi>
   <naredba>
    <naredba_pridruzivanja>
     IDN 2 y
     OP_PRIDRUZI 2 =
     <E>
      <T>
       <P>
        BROJ 2 248
       <T_lista>
        OP_PUTA 2 *
        <T>
         <P>
          OP_MINUS 2 -
          <P>
           IDN 2 y
         <T_lista>
          $
      <E_lista>
       OP_PLUS 2 +
       <E>
        <T>
         <P>
          BROJ 2 1221
         <T_lista>
          $
        <E_lista>
         $
   <lista_naredbi>
    $
