<program>
 <lista_naredbi>
  <naredba>
   <naredba_pridruzivanja>
    IDN 1 a
    OP_PRIDRUZI 1 =
    <E>
     <T>
      <P>
       BROJ 1 1
      <T_lista>
       $
     <E_lista>
      OP_PLUS 1 +
      <E>
       <T>
        <P>
         BROJ 1 2
        <T_lista>
         OP_PUTA 1 *
         <T>
          <P>
           BROJ 1 3
          <T_lista>
           OP_DIJELI 1 /
           <T>
            <P>
             BROJ 1 4
            <T_lista>
             $
       <E_lista>
        $
  <lista_naredbi>
   $
