<program>
 <lista_naredbi>
  <naredba>
   <naredba_pridruzivanja>
    IDN 1 a
    OP_PRIDRUZI 1 =
    <E>
     <T>
      <P>
       BROJ 1 0
      <T_lista>
       $
     <E_lista>
      $
  <lista_naredbi>
   <naredba>
    <naredba_pridruzivanja>
     IDN 2 a
     OP_PRIDRUZI 2 =
     <E>
      <T>
       <P>
        BROJ 2 1
       <T_lista>
        $
      <E_lista>
       $
   <lista_naredbi>
    $
