3 1 v
3 1 v
6 1 v
7 1 v
9 7 n
9 7 n
10 9 z
11 7 n
13 9 z
err 13 n
