3 1 o
4 1 o
4 1 o
10 1 o
10 1 o
10 2 i
11 2 i
11 3 h
11 2 i
11 3 h
15 10 u
15 3 h
15 10 u
17 1 o
17 2 i
18 2 i
20 14 v
22 3 h
22 1 o
23 2 i
24 2 i
err 24 h
